// Jest Snapshot v1, https://goo.gl/fbAQLP

exports[`should render correctly 1`] = `
<div
  className="app-output"
>
  <div
    className="app-item"
    style={
      Object {
        "borderRadius": "undefined%",
      }
    }
  />
</div>
`;
