// Jest Snapshot v1, https://goo.gl/fbAQLP

exports[`should render correctly 1`] = `
<div
  className="app-editor-item"
>
  <label
    htmlFor={undefined}
  />
  <input
    id={undefined}
    onChange={undefined}
    type={undefined}
    value={undefined}
  />
</div>
`;
